[1/10] C:\.platformio\packages\toolchain-xtensa-esp-elf\bin\xtensa-esp32s3-elf-gcc.exe -DESP_PLATFORM -DIDF_VER=\"5.5.0\" -DSOC_MMU_PAGE_SIZE=CONFIG_MMU_PAGE_SIZE -DSOC_XTAL_FREQ_MHZ=CONFIG_XTAL_FREQ -D_GLIBCXX_HAVE_POSIX_SEMAPHORE -D_GLIBCXX_USE_POSIX_SEMAPHORE -D_GNU_SOURCE -D_POSIX_READER_WRITER_LOCKS -ID:/Work/OTA_FOTA_practice/.pio/build/esp32-s3-devkitc-1/config -ID:/Work/OTA_FOTA_practice/src -IC:/.platformio/packages/framework-espidf/components/newlib/platform_include -IC:/.platformio/packages/framework-espidf/components/freertos/config/include -IC:/.platformio/packages/framework-espidf/components/freertos/config/include/freertos -IC:/.platformio/packages/framework-espidf/components/freertos/config/xtensa/include -IC:/.platformio/packages/framework-espidf/components/freertos/FreeRTOS-Kernel/include -IC:/.platformio/packages/framework-espidf/components/freertos/FreeRTOS-Kernel/portable/xtensa/include -IC:/.platformio/packages/framework-espidf/components/freertos/FreeRTOS-Kernel/portable/xtensa/include/freertos -IC:/.platformio/packages/framework-espidf/components/freertos/esp_additions/include -IC:/.platformio/packages/framework-espidf/components/esp_hw_support/include -IC:/.platformio/packages/framework-espidf/components/esp_hw_support/include/soc -IC:/.platformio/packages/framework-espidf/components/esp_hw_support/include/soc/esp32s3 -IC:/.platformio/packages/framework-espidf/components/esp_hw_support/dma/include -IC:/.platformio/packages/framework-espidf/components/esp_hw_support/ldo/include -IC:/.platformio/packages/framework-espidf/components/esp_hw_support/debug_probe/include -IC:/.platformio/packages/framework-espidf/components/esp_hw_support/mspi_timing_tuning/include -IC:/.platformio/packages/framework-espidf/components/esp_hw_support/mspi_timing_tuning/tuning_scheme_impl/include -IC:/.platformio/packages/framework-espidf/components/esp_hw_support/power_supply/include -IC:/.platformio/packages/framework-espidf/components/esp_hw_support/port/esp32s3/. -IC:/.platformio/packages/framework-espidf/components/esp_hw_support/port/esp32s3/include -IC:/.platformio/packages/framework-espidf/components/esp_hw_support/mspi_timing_tuning/port/esp32s3/. -IC:/.platformio/packages/framework-espidf/components/esp_hw_support/mspi_timing_tuning/port/esp32s3/include -IC:/.platformio/packages/framework-espidf/components/heap/include -IC:/.platformio/packages/framework-espidf/components/heap/tlsf -IC:/.platformio/packages/framework-espidf/components/log/include -IC:/.platformio/packages/framework-espidf/components/soc/include -IC:/.platformio/packages/framework-espidf/components/soc/esp32s3 -IC:/.platformio/packages/framework-espidf/components/soc/esp32s3/include -IC:/.platformio/packages/framework-espidf/components/soc/esp32s3/register -IC:/.platformio/packages/framework-espidf/components/hal/platform_port/include -IC:/.platformio/packages/framework-espidf/components/hal/esp32s3/include -IC:/.platformio/packages/framework-espidf/components/hal/include -IC:/.platformio/packages/framework-espidf/components/esp_rom/include -IC:/.platformio/packages/framework-espidf/components/esp_rom/esp32s3/include -IC:/.platformio/packages/framework-espidf/components/esp_rom/esp32s3/include/esp32s3 -IC:/.platformio/packages/framework-espidf/components/esp_rom/esp32s3 -IC:/.platformio/packages/framework-espidf/components/esp_common/include -IC:/.platformio/packages/framework-espidf/components/esp_system/include -IC:/.platformio/packages/framework-espidf/components/esp_system/port/soc -IC:/.platformio/packages/framework-espidf/components/esp_system/port/include/private -IC:/.platformio/packages/framework-espidf/components/xtensa/esp32s3/include -IC:/.platformio/packages/framework-espidf/components/xtensa/include -IC:/.platformio/packages/framework-espidf/components/xtensa/deprecated_include -IC:/.platformio/packages/framework-espidf/components/lwip/include -IC:/.platformio/packages/framework-espidf/components/lwip/include/apps -IC:/.platformio/packages/framework-espidf/components/lwip/include/apps/sntp -IC:/.platformio/packages/framework-espidf/components/lwip/lwip/src/include -IC:/.platformio/packages/framework-espidf/components/lwip/port/include -IC:/.platformio/packages/framework-espidf/components/lwip/port/freertos/include -IC:/.platformio/packages/framework-espidf/components/lwip/port/esp32xx/include -IC:/.platformio/packages/framework-espidf/components/lwip/port/esp32xx/include/arch -IC:/.platformio/packages/framework-espidf/components/lwip/port/esp32xx/include/sys -IC:/.platformio/packages/framework-espidf/components/driver/deprecated -IC:/.platformio/packages/framework-espidf/components/driver/i2c/include -IC:/.platformio/packages/framework-espidf/components/driver/touch_sensor/include -IC:/.platformio/packages/framework-espidf/components/driver/twai/include -IC:/.platformio/packages/framework-espidf/components/driver/touch_sensor/esp32s3/include -IC:/.platformio/packages/framework-espidf/components/esp_pm/include -IC:/.platformio/packages/framework-espidf/components/esp_ringbuf/include -IC:/.platformio/packages/framework-espidf/components/esp_driver_gpio/include -IC:/.platformio/packages/framework-espidf/components/esp_driver_pcnt/include -IC:/.platformio/packages/framework-espidf/components/esp_driver_gptimer/include -IC:/.platformio/packages/framework-espidf/components/esp_driver_spi/include -IC:/.platformio/packages/framework-espidf/components/esp_driver_mcpwm/include -IC:/.platformio/packages/framework-espidf/components/esp_driver_ana_cmpr/include -IC:/.platformio/packages/framework-espidf/components/esp_driver_i2s/include -IC:/.platformio/packages/framework-espidf/components/esp_driver_sdmmc/include -IC:/.platformio/packages/framework-espidf/components/sdmmc/include -IC:/.platformio/packages/framework-espidf/components/esp_driver_sdspi/include -IC:/.platformio/packages/framework-espidf/components/esp_driver_sdio/include -IC:/.platformio/packages/framework-espidf/components/esp_driver_dac/include -IC:/.platformio/packages/framework-espidf/components/esp_driver_rmt/include -IC:/.platformio/packages/framework-espidf/components/esp_driver_tsens/include -IC:/.platformio/packages/framework-espidf/components/esp_driver_sdm/include -IC:/.platformio/packages/framework-espidf/components/esp_driver_i2c/include -IC:/.platformio/packages/framework-espidf/components/esp_driver_uart/include -IC:/.platformio/packages/framework-espidf/components/vfs/include -IC:/.platformio/packages/framework-espidf/components/esp_driver_ledc/include -IC:/.platformio/packages/framework-espidf/components/esp_driver_parlio/include -IC:/.platformio/packages/framework-espidf/components/esp_driver_usb_serial_jtag/include -IC:/.platformio/packages/framework-espidf/components/esp_driver_twai/include -IC:/.platformio/packages/framework-espidf/components/esp_wifi/include -IC:/.platformio/packages/framework-espidf/components/esp_wifi/include/local -IC:/.platformio/packages/framework-espidf/components/esp_wifi/wifi_apps/include -IC:/.platformio/packages/framework-espidf/components/esp_wifi/wifi_apps/nan_app/include -IC:/.platformio/packages/framework-espidf/components/esp_event/include -IC:/.platformio/packages/framework-espidf/components/esp_phy/include -IC:/.platformio/packages/framework-espidf/components/esp_phy/esp32s3/include -IC:/.platformio/packages/framework-espidf/components/esp_netif/include -IC:/.platformio/packages/framework-espidf/components/nvs_flash/include -IC:/.platformio/packages/framework-espidf/components/esp_partition/include -mlongcalls  -fno-builtin-memcpy -fno-builtin-memset -fno-builtin-bzero -fno-builtin-stpcpy -fno-builtin-strncpy -fdiagnostics-color=always -ffunction-sections -fdata-sections -Wall -Werror=all -Wno-error=unused-function -Wno-error=unused-variable -Wno-error=unused-but-set-variable -Wno-error=deprecated-declarations -Wextra -Wno-error=extra -Wno-unused-parameter -Wno-sign-compare -Wno-enum-conversion -gdwarf-4 -ggdb -Og -fno-shrink-wrap -fmacro-prefix-map=D:/Work/OTA_FOTA_practice=. -fmacro-prefix-map=C:/.platformio/packages/framework-espidf=/IDF -fstrict-volatile-bitfields -fno-jump-tables -fno-tree-switch-conversion -std=gnu17 -Wno-old-style-declaration -MD -MT esp-idf/src/CMakeFiles/__idf_src.dir/ota.c.obj -MF esp-idf\src\CMakeFiles\__idf_src.dir\ota.c.obj.d -o esp-idf/src/CMakeFiles/__idf_src.dir/ota.c.obj -c D:/Work/OTA_FOTA_practice/src/ota.c
FAILED: esp-idf/src/CMakeFiles/__idf_src.dir/ota.c.obj 
C:\.platformio\packages\toolchain-xtensa-esp-elf\bin\xtensa-esp32s3-elf-gcc.exe -DESP_PLATFORM -DIDF_VER=\"5.5.0\" -DSOC_MMU_PAGE_SIZE=CONFIG_MMU_PAGE_SIZE -DSOC_XTAL_FREQ_MHZ=CONFIG_XTAL_FREQ -D_GLIBCXX_HAVE_POSIX_SEMAPHORE -D_GLIBCXX_USE_POSIX_SEMAPHORE -D_GNU_SOURCE -D_POSIX_READER_WRITER_LOCKS -ID:/Work/OTA_FOTA_practice/.pio/build/esp32-s3-devkitc-1/config -ID:/Work/OTA_FOTA_practice/src -IC:/.platformio/packages/framework-espidf/components/newlib/platform_include -IC:/.platformio/packages/framework-espidf/components/freertos/config/include -IC:/.platformio/packages/framework-espidf/components/freertos/config/include/freertos -IC:/.platformio/packages/framework-espidf/components/freertos/config/xtensa/include -IC:/.platformio/packages/framework-espidf/components/freertos/FreeRTOS-Kernel/include -IC:/.platformio/packages/framework-espidf/components/freertos/FreeRTOS-Kernel/portable/xtensa/include -IC:/.platformio/packages/framework-espidf/components/freertos/FreeRTOS-Kernel/portable/xtensa/include/freertos -IC:/.platformio/packages/framework-espidf/components/freertos/esp_additions/include -IC:/.platformio/packages/framework-espidf/components/esp_hw_support/include -IC:/.platformio/packages/framework-espidf/components/esp_hw_support/include/soc -IC:/.platformio/packages/framework-espidf/components/esp_hw_support/include/soc/esp32s3 -IC:/.platformio/packages/framework-espidf/components/esp_hw_support/dma/include -IC:/.platformio/packages/framework-espidf/components/esp_hw_support/ldo/include -IC:/.platformio/packages/framework-espidf/components/esp_hw_support/debug_probe/include -IC:/.platformio/packages/framework-espidf/components/esp_hw_support/mspi_timing_tuning/include -IC:/.platformio/packages/framework-espidf/components/esp_hw_support/mspi_timing_tuning/tuning_scheme_impl/include -IC:/.platformio/packages/framework-espidf/components/esp_hw_support/power_supply/include -IC:/.platformio/packages/framework-espidf/components/esp_hw_support/port/esp32s3/. -IC:/.platformio/packages/framework-espidf/components/esp_hw_support/port/esp32s3/include -IC:/.platformio/packages/framework-espidf/components/esp_hw_support/mspi_timing_tuning/port/esp32s3/. -IC:/.platformio/packages/framework-espidf/components/esp_hw_support/mspi_timing_tuning/port/esp32s3/include -IC:/.platformio/packages/framework-espidf/components/heap/include -IC:/.platformio/packages/framework-espidf/components/heap/tlsf -IC:/.platformio/packages/framework-espidf/components/log/include -IC:/.platformio/packages/framework-espidf/components/soc/include -IC:/.platformio/packages/framework-espidf/components/soc/esp32s3 -IC:/.platformio/packages/framework-espidf/components/soc/esp32s3/include -IC:/.platformio/packages/framework-espidf/components/soc/esp32s3/register -IC:/.platformio/packages/framework-espidf/components/hal/platform_port/include -IC:/.platformio/packages/framework-espidf/components/hal/esp32s3/include -IC:/.platformio/packages/framework-espidf/components/hal/include -IC:/.platformio/packages/framework-espidf/components/esp_rom/include -IC:/.platformio/packages/framework-espidf/components/esp_rom/esp32s3/include -IC:/.platformio/packages/framework-espidf/components/esp_rom/esp32s3/include/esp32s3 -IC:/.platformio/packages/framework-espidf/components/esp_rom/esp32s3 -IC:/.platformio/packages/framework-espidf/components/esp_common/include -IC:/.platformio/packages/framework-espidf/components/esp_system/include -IC:/.platformio/packages/framework-espidf/components/esp_system/port/soc -IC:/.platformio/packages/framework-espidf/components/esp_system/port/include/private -IC:/.platformio/packages/framework-espidf/components/xtensa/esp32s3/include -IC:/.platformio/packages/framework-espidf/components/xtensa/include -IC:/.platformio/packages/framework-espidf/components/xtensa/deprecated_include -IC:/.platformio/packages/framework-espidf/components/lwip/include -IC:/.platformio/packages/framework-espidf/components/lwip/include/apps -IC:/.platformio/packages/framework-espidf/components/lwip/include/apps/sntp -IC:/.platformio/packages/framework-espidf/components/lwip/lwip/src/include -IC:/.platformio/packages/framework-espidf/components/lwip/port/include -IC:/.platformio/packages/framework-espidf/components/lwip/port/freertos/include -IC:/.platformio/packages/framework-espidf/components/lwip/port/esp32xx/include -IC:/.platformio/packages/framework-espidf/components/lwip/port/esp32xx/include/arch -IC:/.platformio/packages/framework-espidf/components/lwip/port/esp32xx/include/sys -IC:/.platformio/packages/framework-espidf/components/driver/deprecated -IC:/.platformio/packages/framework-espidf/components/driver/i2c/include -IC:/.platformio/packages/framework-espidf/components/driver/touch_sensor/include -IC:/.platformio/packages/framework-espidf/components/driver/twai/include -IC:/.platformio/packages/framework-espidf/components/driver/touch_sensor/esp32s3/include -IC:/.platformio/packages/framework-espidf/components/esp_pm/include -IC:/.platformio/packages/framework-espidf/components/esp_ringbuf/include -IC:/.platformio/packages/framework-espidf/components/esp_driver_gpio/include -IC:/.platformio/packages/framework-espidf/components/esp_driver_pcnt/include -IC:/.platformio/packages/framework-espidf/components/esp_driver_gptimer/include -IC:/.platformio/packages/framework-espidf/components/esp_driver_spi/include -IC:/.platformio/packages/framework-espidf/components/esp_driver_mcpwm/include -IC:/.platformio/packages/framework-espidf/components/esp_driver_ana_cmpr/include -IC:/.platformio/packages/framework-espidf/components/esp_driver_i2s/include -IC:/.platformio/packages/framework-espidf/components/esp_driver_sdmmc/include -IC:/.platformio/packages/framework-espidf/components/sdmmc/include -IC:/.platformio/packages/framework-espidf/components/esp_driver_sdspi/include -IC:/.platformio/packages/framework-espidf/components/esp_driver_sdio/include -IC:/.platformio/packages/framework-espidf/components/esp_driver_dac/include -IC:/.platformio/packages/framework-espidf/components/esp_driver_rmt/include -IC:/.platformio/packages/framework-espidf/components/esp_driver_tsens/include -IC:/.platformio/packages/framework-espidf/components/esp_driver_sdm/include -IC:/.platformio/packages/framework-espidf/components/esp_driver_i2c/include -IC:/.platformio/packages/framework-espidf/components/esp_driver_uart/include -IC:/.platformio/packages/framework-espidf/components/vfs/include -IC:/.platformio/packages/framework-espidf/components/esp_driver_ledc/include -IC:/.platformio/packages/framework-espidf/components/esp_driver_parlio/include -IC:/.platformio/packages/framework-espidf/components/esp_driver_usb_serial_jtag/include -IC:/.platformio/packages/framework-espidf/components/esp_driver_twai/include -IC:/.platformio/packages/framework-espidf/components/esp_wifi/include -IC:/.platformio/packages/framework-espidf/components/esp_wifi/include/local -IC:/.platformio/packages/framework-espidf/components/esp_wifi/wifi_apps/include -IC:/.platformio/packages/framework-espidf/components/esp_wifi/wifi_apps/nan_app/include -IC:/.platformio/packages/framework-espidf/components/esp_event/include -IC:/.platformio/packages/framework-espidf/components/esp_phy/include -IC:/.platformio/packages/framework-espidf/components/esp_phy/esp32s3/include -IC:/.platformio/packages/framework-espidf/components/esp_netif/include -IC:/.platformio/packages/framework-espidf/components/nvs_flash/include -IC:/.platformio/packages/framework-espidf/components/esp_partition/include -mlongcalls  -fno-builtin-memcpy -fno-builtin-memset -fno-builtin-bzero -fno-builtin-stpcpy -fno-builtin-strncpy -fdiagnostics-color=always -ffunction-sections -fdata-sections -Wall -Werror=all -Wno-error=unused-function -Wno-error=unused-variable -Wno-error=unused-but-set-variable -Wno-error=deprecated-declarations -Wextra -Wno-error=extra -Wno-unused-parameter -Wno-sign-compare -Wno-enum-conversion -gdwarf-4 -ggdb -Og -fno-shrink-wrap -fmacro-prefix-map=D:/Work/OTA_FOTA_practice=. -fmacro-prefix-map=C:/.platformio/packages/framework-espidf=/IDF -fstrict-volatile-bitfields -fno-jump-tables -fno-tree-switch-conversion -std=gnu17 -Wno-old-style-declaration -MD -MT esp-idf/src/CMakeFiles/__idf_src.dir/ota.c.obj -MF esp-idf\src\CMakeFiles\__idf_src.dir\ota.c.obj.d -o esp-idf/src/CMakeFiles/__idf_src.dir/ota.c.obj -c D:/Work/OTA_FOTA_practice/src/ota.c
D:/Work/OTA_FOTA_practice/src/ota.c:3:10: fatal error: esp_https_ota.h: No such file or directory
    3 | #include "esp_https_ota.h"
      |          ^~~~~~~~~~~~~~~~~
compilation terminated.
[2/10] C:\Windows\system32\cmd.exe /C "cd /D D:\Work\OTA_FOTA_practice\.pio\build\esp32-s3-devkitc-1\bootloader && C:\.platformio\packages\tool-cmake\bin\cmake.exe --build ."
FAILED: bootloader-prefix/src/bootloader-stamp/bootloader-build bootloader/bootloader.elf bootloader/bootloader.bin bootloader/bootloader.map D:/Work/OTA_FOTA_practice/.pio/build/esp32-s3-devkitc-1/bootloader-prefix/src/bootloader-stamp/bootloader-build D:/Work/OTA_FOTA_practice/.pio/build/esp32-s3-devkitc-1/bootloader/bootloader.elf D:/Work/OTA_FOTA_practice/.pio/build/esp32-s3-devkitc-1/bootloader/bootloader.bin D:/Work/OTA_FOTA_practice/.pio/build/esp32-s3-devkitc-1/bootloader/bootloader.map 
C:\Windows\system32\cmd.exe /C "cd /D D:\Work\OTA_FOTA_practice\.pio\build\esp32-s3-devkitc-1\bootloader && C:\.platformio\packages\tool-cmake\bin\cmake.exe --build ."
[1/2] Generating binary image from built executable
FAILED: .bin_timestamp D:/Work/OTA_FOTA_practice/.pio/build/esp32-s3-devkitc-1/bootloader/.bin_timestamp 
C:\Windows\system32\cmd.exe /C "cd /D D:\Work\OTA_FOTA_practice\.pio\build\esp32-s3-devkitc-1\bootloader && C:\.platformio\penv\.espidf-5.5.0\Scripts\python.exe C:/.platformio/packages/framework-espidf/components/esptool_py/esptool/esptool.py --chip esp32s3 elf2image --flash_mode dio --flash_freq 80m --flash_size 2MB --min-rev-full 0 --max-rev-full 99 -o D:/Work/OTA_FOTA_practice/.pio/build/esp32-s3-devkitc-1/bootloader/bootloader.bin D:/Work/OTA_FOTA_practice/.pio/build/esp32-s3-devkitc-1/bootloader/bootloader.elf && C:\.platformio\packages\tool-cmake\bin\cmake.exe -E echo "Generated D:/Work/OTA_FOTA_practice/.pio/build/esp32-s3-devkitc-1/bootloader/bootloader.bin" && C:\.platformio\packages\tool-cmake\bin\cmake.exe -E md5sum D:/Work/OTA_FOTA_practice/.pio/build/esp32-s3-devkitc-1/bootloader/bootloader.bin > D:/Work/OTA_FOTA_practice/.pio/build/esp32-s3-devkitc-1/bootloader/.bin_timestamp"
C:\.platformio\penv\.espidf-5.5.0\Scripts\python.exe: No module named esptool
ninja: build stopped: subcommand failed.
ninja: build stopped: subcommand failed.
